

================================================================
== Synthesis Summary Report of 'lzw_stream'
================================================================
+ General Information: 
    * Date:           Mon Nov 27 21:50:42 2023
    * Version:        2020.2 (Build 3064766 on Wed Nov 18 09:12:47 MST 2020)
    * Project:        test_1127
    * Solution:       solution1 (Vitis Kernel Flow Target)
    * Product family: zynquplus
    * Target device:  xczu3eg-sbva484-1-i
    

+ Performance & Resource Estimates: 
    
    PS: '+' for module; 'o' for loop; '*' for dataflow
    +--------------------------------+--------+-------+---------+-----------+----------+---------+-------+----------+----------+---------+-----------+-------------+-----+
    |             Modules            |  Issue |       | Latency |  Latency  | Iteration|         |  Trip |          |          |         |           |             |     |
    |             & Loops            |  Type  | Slack | (cycles)|    (ns)   |  Latency | Interval| Count | Pipelined|   BRAM   |   DSP   |     FF    |     LUT     | URAM|
    +--------------------------------+--------+-------+---------+-----------+----------+---------+-------+----------+----------+---------+-----------+-------------+-----+
    |+ lzw_stream                    |  Timing|   0.00|        -|          -|         -|        -|      -|        no|  68 (15%)|  11 (3%)|  4642 (3%)|  14895 (21%)|    -|
    | + grp_hardware_encoder_fu_352  |  Timing|   0.00|        -|          -|         -|        -|      -|        no|         -|  11 (3%)|  3344 (2%)|  10807 (15%)|    -|
    |  + grp_compute_lzw_fu_430      |       -|  -0.08|        -|          -|         -|        -|      -|        no|         -|        -|  904 (~0%)|    6301 (8%)|    -|
    |   o VITIS_LOOP_234_1           |      II|  -7.30|        -|          -|        11|       10|      -|       yes|         -|        -|          -|            -|    -|
    |  o mem_rd                      |       -|  -7.30|        -|          -|        73|        1|      -|       yes|         -|        -|          -|            -|    -|
    |  o VITIS_LOOP_184_1            |       -|  -7.30|        4|     40.000|         1|        1|      4|       yes|         -|        -|          -|            -|    -|
    |  o VITIS_LOOP_209_1            |      II|  -7.30|        -|          -|        73|        3|      -|       yes|         -|        -|          -|            -|    -|
    | o VITIS_LOOP_269_1             |       -|  -7.30|    32768|  3.277e+05|         1|        1|  32768|       yes|         -|        -|          -|            -|    -|
    | o VITIS_LOOP_278_1             |       -|  -7.30|      512|  5.120e+03|         1|        1|    512|       yes|         -|        -|          -|            -|    -|
    | o VITIS_LOOP_297_1             |      II|  -7.30|      515|  5.150e+03|         6|        2|    256|       yes|         -|        -|          -|            -|    -|
    +--------------------------------+--------+-------+---------+-----------+----------+---------+-------+----------+----------+---------+-----------+-------------+-----+

