#-----------------------------------------------------------
# Vivado v2020.2 (64-bit)
# SW Build 3064766 on Wed Nov 18 09:12:47 MST 2020
# IP Build 3064653 on Wed Nov 18 14:17:31 MST 2020
# Start of session at: Tue Nov 28 20:20:16 2023
# Process ID: 19673
# Current directory: /mnt/castor/seas_home/c/chen3xn/ese532_code/project_1127/ESE5320-Final-Project/_x/link/vivado/vpl/prj/prj.runs/u96v2_sbc_base_auto_ds_8_synth_1
# Command line: vivado -log u96v2_sbc_base_auto_ds_8.vds -product Vivado -mode batch -messageDb vivado.pb -notrace -source u96v2_sbc_base_auto_ds_8.tcl
# Log file: /mnt/castor/seas_home/c/chen3xn/ese532_code/project_1127/ESE5320-Final-Project/_x/link/vivado/vpl/prj/prj.runs/u96v2_sbc_base_auto_ds_8_synth_1/u96v2_sbc_base_auto_ds_8.vds
# Journal file: /mnt/castor/seas_home/c/chen3xn/ese532_code/project_1127/ESE5320-Final-Project/_x/link/vivado/vpl/prj/prj.runs/u96v2_sbc_base_auto_ds_8_synth_1/vivado.jou
#-----------------------------------------------------------
source u96v2_sbc_base_auto_ds_8.tcl -notrace
