

================================================================
== Vitis HLS Report for 'assoc_lookup'
================================================================
* Date:           Tue Nov 28 20:12:19 2023

* Version:        2020.2 (Build 3064766 on Wed Nov 18 09:12:47 MST 2020)
* Project:        hardware_encoding
* Solution:       solution (Vitis Kernel Flow Target)
* Product family: zynquplus
* Target device:  xczu3eg-sbva484-1-i


================================================================
== Performance Estimates
================================================================
+ Timing: 
    * Summary: 
    +--------+---------+----------+------------+
    |  Clock |  Target | Estimated| Uncertainty|
    +--------+---------+----------+------------+
    |ap_clk  |  6.67 ns|  3.420 ns|     1.80 ns|
    +--------+---------+----------+------------+

+ Latency: 
    * Summary: 
    +---------+---------+-----------+-----------+-----+-----+---------+
    |  Latency (cycles) |   Latency (absolute)  |  Interval | Pipeline|
    |   min   |   max   |    min    |    max    | min | max |   Type  |
    +---------+---------+-----------+-----------+-----+-----+---------+
    |        2|        2|  13.334 ns|  13.334 ns|    1|    1|      yes|
    +---------+---------+-----------+-----------+-----+-----+---------+

    + Detail: 
        * Instance: 
        N/A

        * Loop: 
        N/A



================================================================
== Utilization Estimates
================================================================
* Summary: 
+-----------------+---------+-----+--------+-------+-----+
|       Name      | BRAM_18K| DSP |   FF   |  LUT  | URAM|
+-----------------+---------+-----+--------+-------+-----+
|DSP              |        -|    -|       -|      -|    -|
|Expression       |        -|    -|       0|    294|    -|
|FIFO             |        -|    -|       -|      -|    -|
|Instance         |        -|    -|       -|      -|    -|
|Memory           |        -|    -|       -|      -|    -|
|Multiplexer      |        -|    -|       -|    111|    -|
|Register         |        -|    -|      66|      -|    -|
+-----------------+---------+-----+--------+-------+-----+
|Total            |        0|    0|      66|    405|    0|
+-----------------+---------+-----+--------+-------+-----+
|Available        |      432|  360|  141120|  70560|    0|
+-----------------+---------+-----+--------+-------+-----+
|Utilization (%)  |        0|    0|      ~0|     ~0|    0|
+-----------------+---------+-----+--------+-------+-----+

+ Detail: 
    * Instance: 
    N/A

    * DSP: 
    N/A

    * Memory: 
    N/A

    * FIFO: 
    N/A

    * Expression: 
    +------------------------+----------+----+---+----+------------+------------+
    |      Variable Name     | Operation| DSP| FF| LUT| Bitwidth P0| Bitwidth P1|
    +------------------------+----------+----+---+----+------------+------------+
    |and_ln114_10_fu_703_p2  |       and|   0|  0|   6|           6|           6|
    |and_ln114_11_fu_709_p2  |       and|   0|  0|   5|           5|           5|
    |and_ln114_12_fu_715_p2  |       and|   0|  0|   4|           4|           4|
    |and_ln114_13_fu_721_p2  |       and|   0|  0|   3|           3|           3|
    |and_ln114_14_fu_727_p2  |       and|   0|  0|   2|           2|           2|
    |and_ln114_15_fu_733_p2  |       and|   0|  0|   2|           1|           1|
    |and_ln114_1_fu_615_p2   |       and|   0|  0|   8|           8|           8|
    |and_ln114_2_fu_625_p2   |       and|   0|  0|   2|           1|           1|
    |and_ln114_3_fu_635_p2   |       and|   0|  0|   2|           2|           2|
    |and_ln114_4_fu_645_p2   |       and|   0|  0|   3|           3|           3|
    |and_ln114_5_fu_655_p2   |       and|   0|  0|   4|           4|           4|
    |and_ln114_6_fu_665_p2   |       and|   0|  0|   5|           5|           5|
    |and_ln114_7_fu_675_p2   |       and|   0|  0|   6|           6|           6|
    |and_ln114_8_fu_685_p2   |       and|   0|  0|   7|           7|           7|
    |and_ln114_9_fu_697_p2   |       and|   0|  0|   7|           7|           7|
    |and_ln114_fu_691_p2     |       and|   0|  0|   8|           8|           8|
    |and_ln148_1_fu_519_p2   |       and|   0|  0|  16|          16|          16|
    |and_ln148_2_fu_529_p2   |       and|   0|  0|  24|          24|          24|
    |and_ln148_4_fu_541_p2   |       and|   0|  0|  24|          24|          24|
    |and_ln148_5_fu_547_p2   |       and|   0|  0|  16|          16|          16|
    |and_ln148_fu_509_p2     |       and|   0|  0|  32|          32|          32|
    |ap_condition_624        |       and|   0|  0|   2|           1|           1|
    |ap_ext_blocking_n       |       and|   0|  0|   2|           2|           2|
    |ap_int_blocking_n       |       and|   0|  0|   2|           2|           2|
    |ap_str_blocking_n       |       and|   0|  0|   2|           2|           2|
    |match_fu_535_p2         |       and|   0|  0|  32|          32|          32|
    |icmp_ln107_fu_553_p2    |      icmp|   0|  0|  20|          32|           1|
    |icmp_ln127_1_fu_855_p2  |      icmp|   0|  0|  11|           8|           1|
    |icmp_ln127_2_fu_917_p2  |      icmp|   0|  0|  11|           8|           1|
    |icmp_ln127_3_fu_979_p2  |      icmp|   0|  0|  11|           8|           1|
    |icmp_ln127_fu_793_p2    |      icmp|   0|  0|  11|           8|           1|
    |ap_condition_1137       |        or|   0|  0|   2|           1|           1|
    |ap_enable_pp0           |       xor|   0|  0|   2|           1|           2|
    +------------------------+----------+----+---+----+------------+------------+
    |Total                   |          |   0|  0| 294|         289|         231|
    +------------------------+----------+----+---+----+------------+------------+

    * Multiplexer: 
    +------------------------------------------+----+-----------+-----+-----------+
    |                   Name                   | LUT| Input Size| Bits| Total Bits|
    +------------------------------------------+----+-----------+-----+-----------+
    |ap_phi_mux_hit_0_phi_fu_422_p4            |   9|          2|    1|          2|
    |ap_phi_mux_i7_0_i_lcssa2_phi_fu_207_p64   |  26|          5|    5|         25|
    |ap_phi_mux_j13_0_i_lcssa1_phi_fu_308_p64  |  49|          9|    3|         27|
    |ap_phi_mux_phi_ln171_phi_fu_410_p4        |   9|          2|   12|         24|
    |ap_phi_reg_pp0_iter2_hit_0_reg_418        |   9|          2|    1|          2|
    |ap_phi_reg_pp0_iter2_phi_ln171_reg_406    |   9|          2|   12|         24|
    +------------------------------------------+----+-----------+-----+-----------+
    |Total                                     | 111|         22|   34|        104|
    +------------------------------------------+----+-----------+-----+-----------+

    * Register: 
    +----------------------------------------+----+----+-----+-----------+
    |                  Name                  | FF | LUT| Bits| Const Bits|
    +----------------------------------------+----+----+-----+-----------+
    |and_ln114_15_reg_1099                   |   1|   0|    1|          0|
    |ap_CS_fsm                               |   1|   0|    1|          0|
    |ap_enable_reg_pp0_iter1                 |   1|   0|    1|          0|
    |ap_enable_reg_pp0_iter2                 |   1|   0|    1|          0|
    |ap_phi_reg_pp0_iter1_hit_0_reg_418      |   1|   0|    1|          0|
    |ap_phi_reg_pp0_iter1_phi_ln171_reg_406  |  12|   0|   12|          0|
    |ap_phi_reg_pp0_iter2_hit_0_reg_418      |   1|   0|    1|          0|
    |ap_phi_reg_pp0_iter2_phi_ln171_reg_406  |  12|   0|   12|          0|
    |icmp_ln107_reg_1095                     |   1|   0|    1|          0|
    |icmp_ln127_1_reg_1147                   |   1|   0|    1|          0|
    |icmp_ln127_2_reg_1179                   |   1|   0|    1|          0|
    |icmp_ln127_3_reg_1211                   |   1|   0|    1|          0|
    |icmp_ln127_reg_1115                     |   1|   0|    1|          0|
    |tmp_21_reg_1103                         |   1|   0|    1|          0|
    |tmp_22_reg_1107                         |   1|   0|    1|          0|
    |tmp_23_reg_1111                         |   1|   0|    1|          0|
    |tmp_24_reg_1119                         |   1|   0|    1|          0|
    |tmp_25_reg_1123                         |   1|   0|    1|          0|
    |tmp_26_reg_1127                         |   1|   0|    1|          0|
    |tmp_27_reg_1131                         |   1|   0|    1|          0|
    |tmp_28_reg_1135                         |   1|   0|    1|          0|
    |tmp_29_reg_1139                         |   1|   0|    1|          0|
    |tmp_30_reg_1143                         |   1|   0|    1|          0|
    |tmp_31_reg_1151                         |   1|   0|    1|          0|
    |tmp_32_reg_1155                         |   1|   0|    1|          0|
    |tmp_33_reg_1159                         |   1|   0|    1|          0|
    |tmp_34_reg_1163                         |   1|   0|    1|          0|
    |tmp_35_reg_1167                         |   1|   0|    1|          0|
    |tmp_36_reg_1171                         |   1|   0|    1|          0|
    |tmp_37_reg_1175                         |   1|   0|    1|          0|
    |tmp_38_reg_1183                         |   1|   0|    1|          0|
    |tmp_39_reg_1187                         |   1|   0|    1|          0|
    |tmp_40_reg_1191                         |   1|   0|    1|          0|
    |tmp_41_reg_1195                         |   1|   0|    1|          0|
    |tmp_42_reg_1199                         |   1|   0|    1|          0|
    |tmp_43_reg_1203                         |   1|   0|    1|          0|
    |tmp_44_reg_1207                         |   1|   0|    1|          0|
    |tmp_45_reg_1215                         |   1|   0|    1|          0|
    |tmp_46_reg_1219                         |   1|   0|    1|          0|
    |tmp_47_reg_1223                         |   1|   0|    1|          0|
    |tmp_48_reg_1227                         |   1|   0|    1|          0|
    |tmp_49_reg_1231                         |   1|   0|    1|          0|
    |tmp_50_reg_1235                         |   1|   0|    1|          0|
    |tmp_51_reg_1239                         |   1|   0|    1|          0|
    +----------------------------------------+----+----+-----+-----------+
    |Total                                   |  66|   0|   66|          0|
    +----------------------------------------+----+----+-----+-----------+



================================================================
== Interface
================================================================
* Summary: 
+-----------------------------+-----+-----+------------+--------------------+--------------+
|          RTL Ports          | Dir | Bits|  Protocol  |    Source Object   |    C Type    |
+-----------------------------+-----+-----+------------+--------------------+--------------+
|ap_clk                       |   in|    1|  ap_ctrl_hs|        assoc_lookup|  return value|
|ap_rst                       |   in|    1|  ap_ctrl_hs|        assoc_lookup|  return value|
|ap_start                     |   in|    1|  ap_ctrl_hs|        assoc_lookup|  return value|
|ap_done                      |  out|    1|  ap_ctrl_hs|        assoc_lookup|  return value|
|ap_idle                      |  out|    1|  ap_ctrl_hs|        assoc_lookup|  return value|
|ap_ready                     |  out|    1|  ap_ctrl_hs|        assoc_lookup|  return value|
|ap_ce                        |   in|    1|  ap_ctrl_hs|        assoc_lookup|  return value|
|ap_return_0                  |  out|    1|  ap_ctrl_hs|        assoc_lookup|  return value|
|ap_return_1                  |  out|   32|  ap_ctrl_hs|        assoc_lookup|  return value|
|ap_ext_blocking_n            |  out|    1|  ap_ctrl_hs|        assoc_lookup|  return value|
|ap_str_blocking_n            |  out|    1|  ap_ctrl_hs|        assoc_lookup|  return value|
|ap_int_blocking_n            |  out|    1|  ap_ctrl_hs|        assoc_lookup|  return value|
|mem_upper_key_mem_address0   |  out|    9|   ap_memory|   mem_upper_key_mem|         array|
|mem_upper_key_mem_ce0        |  out|    1|   ap_memory|   mem_upper_key_mem|         array|
|mem_upper_key_mem_q0         |   in|   64|   ap_memory|   mem_upper_key_mem|         array|
|mem_middle_key_mem_address0  |  out|    9|   ap_memory|  mem_middle_key_mem|         array|
|mem_middle_key_mem_ce0       |  out|    1|   ap_memory|  mem_middle_key_mem|         array|
|mem_middle_key_mem_q0        |   in|   64|   ap_memory|  mem_middle_key_mem|         array|
|mem_lower_key_mem_address0   |  out|    9|   ap_memory|   mem_lower_key_mem|         array|
|mem_lower_key_mem_ce0        |  out|    1|   ap_memory|   mem_lower_key_mem|         array|
|mem_lower_key_mem_q0         |   in|   64|   ap_memory|   mem_lower_key_mem|         array|
|mem_value_address0           |  out|    6|   ap_memory|           mem_value|         array|
|mem_value_ce0                |  out|    1|   ap_memory|           mem_value|         array|
|mem_value_q0                 |   in|   12|   ap_memory|           mem_value|         array|
|key                          |   in|   20|     ap_none|                 key|        scalar|
+-----------------------------+-----+-----+------------+--------------------+--------------+

