

================================================================
== Vitis HLS Report for 'hardware_encoding'
================================================================
* Date:           Tue Nov 28 20:12:20 2023

* Version:        2020.2 (Build 3064766 on Wed Nov 18 09:12:47 MST 2020)
* Project:        hardware_encoding
* Solution:       solution (Vitis Kernel Flow Target)
* Product family: zynquplus
* Target device:  xczu3eg-sbva484-1-i


================================================================
== Performance Estimates
================================================================
+ Timing: 
    * Summary: 
    +--------+---------+----------+------------+
    |  Clock |  Target | Estimated| Uncertainty|
    +--------+---------+----------+------------+
    |ap_clk  |  6.67 ns|  4.867 ns|     1.80 ns|
    +--------+---------+----------+------------+

+ Latency: 
    * Summary: 
    +---------+---------+----------+----------+-----+-----+---------+
    |  Latency (cycles) |  Latency (absolute) |  Interval | Pipeline|
    |   min   |   max   |    min   |    max   | min | max |   Type  |
    +---------+---------+----------+----------+-----+-----+---------+
    |        ?|        ?|         ?|         ?|    ?|    ?|     none|
    +---------+---------+----------+----------+-----+-----+---------+

    + Detail: 
        * Instance: 
        +-------------------------+--------------+---------+---------+-----------+-----------+-----+-----+---------+
        |                         |              |  Latency (cycles) |   Latency (absolute)  |  Interval | Pipeline|
        |         Instance        |    Module    |   min   |   max   |    min    |    max    | min | max |   Type  |
        +-------------------------+--------------+---------+---------+-----------+-----------+-----+-----+---------+
        |grp_assoc_lookup_fu_570  |assoc_lookup  |        2|        2|  13.334 ns|  13.334 ns|    1|    1|      yes|
        +-------------------------+--------------+---------+---------+-----------+-----------+-----+-----+---------+

        * Loop: 
        +--------------------+---------+---------+----------+-----------+-----------+-------+----------+
        |                    |  Latency (cycles) | Iteration|  Initiation Interval  |  Trip |          |
        |      Loop Name     |   min   |   max   |  Latency |  achieved |   target  | Count | Pipelined|
        +--------------------+---------+---------+----------+-----------+-----------+-------+----------+
        |- VITIS_LOOP_393_1  |    32768|    32768|         1|          1|          1|  32768|       yes|
        |- VITIS_LOOP_398_2  |      512|      512|         1|          1|          1|    512|       yes|
        |- VITIS_LOOP_420_3  |        ?|        ?|       157|         87|          1|      ?|       yes|
        +--------------------+---------+---------+----------+-----------+-----------+-------+----------+



================================================================
== Utilization Estimates
================================================================
* Summary: 
+-----------------+---------+-----+--------+-------+-----+
|       Name      | BRAM_18K| DSP |   FF   |  LUT  | URAM|
+-----------------+---------+-----+--------+-------+-----+
|DSP              |        -|    -|       -|      -|    -|
|Expression       |        -|    -|       0|   5424|    -|
|FIFO             |        -|    -|       -|      -|    -|
|Instance         |        2|    -|     932|   1601|    -|
|Memory           |       66|    -|      24|     12|    -|
|Multiplexer      |        -|    -|       -|   1718|    -|
|Register         |        -|    -|    1949|      -|    -|
+-----------------+---------+-----+--------+-------+-----+
|Total            |       68|    0|    2905|   8755|    0|
+-----------------+---------+-----+--------+-------+-----+
|Available        |      432|  360|  141120|  70560|    0|
+-----------------+---------+-----+--------+-------+-----+
|Utilization (%)  |       15|    0|       2|     12|    0|
+-----------------+---------+-----+--------+-------+-----+

+ Detail: 
    * Instance: 
    +-------------------------+---------------+---------+----+-----+-----+-----+
    |         Instance        |     Module    | BRAM_18K| DSP|  FF | LUT | URAM|
    +-------------------------+---------------+---------+----+-----+-----+-----+
    |grp_assoc_lookup_fu_570  |assoc_lookup   |        0|   0|   66|  405|    0|
    |control_s_axi_U          |control_s_axi  |        0|   0|  354|  616|    0|
    |gmem_m_axi_U             |gmem_m_axi     |        2|   0|  512|  580|    0|
    +-------------------------+---------------+---------+----+-----+-----+-----+
    |Total                    |               |        2|   0|  932| 1601|    0|
    +-------------------------+---------------+---------+----+-----+-----+-----+

    * DSP: 
    N/A

    * Memory: 
    +-------------------------------+----------------------------+---------+----+----+-----+-------+-----+------+-------------+
    |             Memory            |           Module           | BRAM_18K| FF | LUT| URAM| Words | Bits| Banks| W*Bits*Banks|
    +-------------------------------+----------------------------+---------+----+----+-----+-------+-----+------+-------------+
    |hash_table_U                   |hash_table                  |       60|   0|   0|    0|  32768|   33|     1|      1081344|
    |my_assoc_mem_upper_key_mem_U   |my_assoc_mem_upper_key_mem  |        2|   0|   0|    0|    512|   64|     1|        32768|
    |my_assoc_mem_middle_key_mem_U  |my_assoc_mem_upper_key_mem  |        2|   0|   0|    0|    512|   64|     1|        32768|
    |my_assoc_mem_lower_key_mem_U   |my_assoc_mem_upper_key_mem  |        2|   0|   0|    0|    512|   64|     1|        32768|
    |my_assoc_mem_value_U           |my_assoc_mem_value          |        0|  24|  12|    0|     64|   12|     1|          768|
    +-------------------------------+----------------------------+---------+----+----+-----+-------+-----+------+-------------+
    |Total                          |                            |       66|  24|  12|    0|  34368|  237|     5|      1180416|
    +-------------------------------+----------------------------+---------+----+----+-----+-------+-----+------+-------------+

    * FIFO: 
    N/A

    * Expression: 
    +-------------------------------------------+----------+----+---+-----+------------+------------+
    |               Variable Name               | Operation| DSP| FF| LUT | Bitwidth P0| Bitwidth P1|
    +-------------------------------------------+----------+----+---+-----+------------+------------+
    |add_ln13_fu_3304_p2                        |         +|   0|  0|   22|          15|          15|
    |add_ln17_10_fu_2052_p2                     |         +|   0|  0|   39|          32|          32|
    |add_ln17_11_fu_2218_p2                     |         +|   0|  0|   39|          32|          32|
    |add_ln17_12_fu_2342_p2                     |         +|   0|  0|   39|          32|          32|
    |add_ln17_13_fu_2502_p2                     |         +|   0|  0|   39|          32|          32|
    |add_ln17_14_fu_2626_p2                     |         +|   0|  0|   39|          32|          32|
    |add_ln17_15_fu_2771_p2                     |         +|   0|  0|   39|          32|          32|
    |add_ln17_16_fu_2886_p2                     |         +|   0|  0|   39|          32|          32|
    |add_ln17_17_fu_3052_p2                     |         +|   0|  0|   39|          32|          32|
    |add_ln17_18_fu_3176_p2                     |         +|   0|  0|   39|          32|          32|
    |add_ln17_19_fu_975_p2                      |         +|   0|  0|   22|          15|          15|
    |add_ln17_1_fu_851_p2                       |         +|   0|  0|   30|          23|          23|
    |add_ln17_20_fu_1091_p2                     |         +|   0|  0|   16|          15|          15|
    |add_ln17_21_fu_1202_p2                     |         +|   0|  0|   16|          15|          15|
    |add_ln17_22_fu_1319_p2                     |         +|   0|  0|   16|          15|          15|
    |add_ln17_23_fu_1430_p2                     |         +|   0|  0|   16|          15|          15|
    |add_ln17_24_fu_1512_p2                     |         +|   0|  0|   16|          15|          15|
    |add_ln17_25_fu_1732_p2                     |         +|   0|  0|   16|          15|          15|
    |add_ln17_26_fu_1902_p2                     |         +|   0|  0|   16|          15|          15|
    |add_ln17_27_fu_2030_p2                     |         +|   0|  0|   16|          15|          15|
    |add_ln17_28_fu_2192_p2                     |         +|   0|  0|   16|          15|          15|
    |add_ln17_29_fu_2320_p2                     |         +|   0|  0|   16|          15|          15|
    |add_ln17_2_fu_999_p2                       |         +|   0|  0|   39|          32|          32|
    |add_ln17_30_fu_2476_p2                     |         +|   0|  0|   16|          15|          15|
    |add_ln17_31_fu_2604_p2                     |         +|   0|  0|   16|          15|          15|
    |add_ln17_32_fu_2745_p2                     |         +|   0|  0|   16|          15|          15|
    |add_ln17_33_fu_2864_p2                     |         +|   0|  0|   16|          15|          15|
    |add_ln17_34_fu_3026_p2                     |         +|   0|  0|   16|          15|          15|
    |add_ln17_35_fu_3154_p2                     |         +|   0|  0|   16|          15|          15|
    |add_ln17_3_fu_1113_p2                      |         +|   0|  0|   39|          32|          32|
    |add_ln17_4_fu_1227_p2                      |         +|   0|  0|   39|          32|          32|
    |add_ln17_5_fu_1341_p2                      |         +|   0|  0|   39|          32|          32|
    |add_ln17_6_fu_1455_p2                      |         +|   0|  0|   39|          32|          32|
    |add_ln17_7_fu_1621_p2                      |         +|   0|  0|   39|          32|          32|
    |add_ln17_8_fu_1754_p2                      |         +|   0|  0|   39|          32|          32|
    |add_ln17_9_fu_1928_p2                      |         +|   0|  0|   39|          32|          32|
    |add_ln17_fu_791_p2                         |         +|   0|  0|   19|          12|          12|
    |add_ln182_1_fu_2661_p2                     |         +|   0|  0|   24|          17|          17|
    |add_ln182_2_fu_2386_p2                     |         +|   0|  0|   23|          16|          16|
    |add_ln182_3_fu_2392_p2                     |         +|   0|  0|   22|          15|          15|
    |add_ln182_4_fu_2102_p2                     |         +|   0|  0|   21|          14|          14|
    |add_ln182_5_fu_2108_p2                     |         +|   0|  0|   20|          13|          13|
    |add_ln182_6_fu_1812_p2                     |         +|   0|  0|   19|          12|          12|
    |add_ln182_7_fu_1818_p2                     |         +|   0|  0|   18|          11|          11|
    |add_ln182_8_fu_1548_p2                     |         +|   0|  0|   25|          18|          18|
    |add_ln182_9_fu_1554_p2                     |         +|   0|  0|   16|           9|           9|
    |add_ln182_fu_2942_p2                       |         +|   0|  0|   26|          19|          19|
    |add_ln18_10_fu_2137_p2                     |         +|   0|  0|   39|          32|          32|
    |add_ln18_11_fu_2258_p2                     |         +|   0|  0|   39|          32|          32|
    |add_ln18_12_fu_2421_p2                     |         +|   0|  0|   39|          32|          32|
    |add_ln18_13_fu_2542_p2                     |         +|   0|  0|   39|          32|          32|
    |add_ln18_14_fu_2690_p2                     |         +|   0|  0|   39|          32|          32|
    |add_ln18_15_fu_2811_p2                     |         +|   0|  0|   39|          32|          32|
    |add_ln18_16_fu_2971_p2                     |         +|   0|  0|   39|          32|          32|
    |add_ln18_17_fu_3092_p2                     |         +|   0|  0|   39|          32|          32|
    |add_ln18_18_fu_3219_p2                     |         +|   0|  0|   39|          32|          32|
    |add_ln18_19_fu_1020_p2                     |         +|   0|  0|   16|          26|          26|
    |add_ln18_1_fu_933_p2                       |         +|   0|  0|   39|          32|          32|
    |add_ln18_20_fu_1144_p2                     |         +|   0|  0|   16|          26|          26|
    |add_ln18_21_fu_1248_p2                     |         +|   0|  0|   16|          26|          26|
    |add_ln18_22_fu_1372_p2                     |         +|   0|  0|   16|          26|          26|
    |add_ln18_23_fu_1470_p2                     |         +|   0|  0|   16|          26|          26|
    |add_ln18_24_fu_1642_p2                     |         +|   0|  0|   16|          26|          26|
    |add_ln18_25_fu_1835_p2                     |         +|   0|  0|   16|          26|          26|
    |add_ln18_26_fu_1950_p2                     |         +|   0|  0|   16|          26|          26|
    |add_ln18_27_fu_2125_p2                     |         +|   0|  0|   16|          26|          26|
    |add_ln18_28_fu_2240_p2                     |         +|   0|  0|   16|          26|          26|
    |add_ln18_29_fu_2409_p2                     |         +|   0|  0|   16|          26|          26|
    |add_ln18_2_fu_1038_p2                      |         +|   0|  0|   39|          32|          32|
    |add_ln18_30_fu_2524_p2                     |         +|   0|  0|   16|          26|          26|
    |add_ln18_31_fu_2678_p2                     |         +|   0|  0|   16|          26|          26|
    |add_ln18_32_fu_2793_p2                     |         +|   0|  0|   16|          26|          26|
    |add_ln18_33_fu_2959_p2                     |         +|   0|  0|   16|          26|          26|
    |add_ln18_34_fu_3074_p2                     |         +|   0|  0|   16|          26|          26|
    |add_ln18_35_fu_3207_p2                     |         +|   0|  0|   16|          26|          26|
    |add_ln18_3_fu_1156_p2                      |         +|   0|  0|   39|          32|          32|
    |add_ln18_4_fu_1266_p2                      |         +|   0|  0|   39|          32|          32|
    |add_ln18_5_fu_1384_p2                      |         +|   0|  0|   39|          32|          32|
    |add_ln18_6_fu_1565_p2                      |         +|   0|  0|   39|          32|          32|
    |add_ln18_7_fu_1660_p2                      |         +|   0|  0|   39|          32|          32|
    |add_ln18_8_fu_1847_p2                      |         +|   0|  0|   39|          32|          32|
    |add_ln18_9_fu_1968_p2                      |         +|   0|  0|   39|          32|          32|
    |add_ln18_fu_809_p2                         |         +|   0|  0|   29|          22|          22|
    |add_ln19_10_fu_1506_p2                     |         +|   0|  0|   16|          26|          26|
    |add_ln19_11_fu_1680_p2                     |         +|   0|  0|   16|          15|          15|
    |add_ln19_12_fu_1698_p2                     |         +|   0|  0|   16|          26|          26|
    |add_ln19_13_fu_1866_p2                     |         +|   0|  0|   16|          15|          15|
    |add_ln19_14_fu_1878_p2                     |         +|   0|  0|   16|          26|          26|
    |add_ln19_15_fu_1988_p2                     |         +|   0|  0|   16|          15|          15|
    |add_ln19_16_fu_2006_p2                     |         +|   0|  0|   16|          26|          26|
    |add_ln19_17_fu_2156_p2                     |         +|   0|  0|   16|          15|          15|
    |add_ln19_18_fu_2168_p2                     |         +|   0|  0|   16|          26|          26|
    |add_ln19_19_fu_2278_p2                     |         +|   0|  0|   16|          15|          15|
    |add_ln19_1_fu_1058_p2                      |         +|   0|  0|   16|          15|          15|
    |add_ln19_20_fu_2296_p2                     |         +|   0|  0|   16|          26|          26|
    |add_ln19_21_fu_2440_p2                     |         +|   0|  0|   16|          15|          15|
    |add_ln19_22_fu_2452_p2                     |         +|   0|  0|   16|          26|          26|
    |add_ln19_23_fu_2562_p2                     |         +|   0|  0|   16|          15|          15|
    |add_ln19_24_fu_2580_p2                     |         +|   0|  0|   16|          26|          26|
    |add_ln19_25_fu_2709_p2                     |         +|   0|  0|   16|          15|          15|
    |add_ln19_26_fu_2721_p2                     |         +|   0|  0|   16|          26|          26|
    |add_ln19_27_fu_2831_p2                     |         +|   0|  0|   16|          15|          15|
    |add_ln19_28_fu_2849_p2                     |         +|   0|  0|   16|          26|          26|
    |add_ln19_29_fu_2990_p2                     |         +|   0|  0|   16|          15|          15|
    |add_ln19_2_fu_1076_p2                      |         +|   0|  0|   16|          26|          26|
    |add_ln19_30_fu_3002_p2                     |         +|   0|  0|   16|          26|          26|
    |add_ln19_31_fu_3112_p2                     |         +|   0|  0|   16|          15|          15|
    |add_ln19_32_fu_3130_p2                     |         +|   0|  0|   16|          26|          26|
    |add_ln19_33_fu_3224_p2                     |         +|   0|  0|   16|          15|          15|
    |add_ln19_34_fu_3236_p2                     |         +|   0|  0|   16|          26|          26|
    |add_ln19_35_fu_3252_p2                     |         +|   0|  0|   16|          15|          15|
    |add_ln19_3_fu_1175_p2                      |         +|   0|  0|   16|          15|          15|
    |add_ln19_4_fu_1187_p2                      |         +|   0|  0|   16|          26|          26|
    |add_ln19_5_fu_1286_p2                      |         +|   0|  0|   16|          15|          15|
    |add_ln19_6_fu_1304_p2                      |         +|   0|  0|   16|          26|          26|
    |add_ln19_7_fu_1403_p2                      |         +|   0|  0|   16|          15|          15|
    |add_ln19_8_fu_1415_p2                      |         +|   0|  0|   16|          26|          26|
    |add_ln19_9_fu_1488_p2                      |         +|   0|  0|   16|          15|          15|
    |add_ln19_fu_960_p2                         |         +|   0|  0|   33|          26|          26|
    |add_ln393_fu_589_p2                        |         +|   0|  0|   23|          16|           1|
    |add_ln398_fu_606_p2                        |         +|   0|  0|   17|          10|           1|
    |add_ln422_1_fu_707_p2                      |         +|   0|  0|   71|          64|          64|
    |add_ln422_2_fu_663_p2                      |         +|   0|  0|    9|           2|           1|
    |add_ln422_3_fu_732_p2                      |         +|   0|  0|    9|           2|           2|
    |add_ln422_fu_693_p2                        |         +|   0|  0|   38|          31|           1|
    |add_ln430_1_fu_3419_p2                     |         +|   0|  0|    9|           2|           2|
    |add_ln430_fu_3414_p2                       |         +|   0|  0|   71|          64|          64|
    |add_ln449_2_fu_3529_p2                     |         +|   0|  0|    9|           2|           2|
    |add_ln449_fu_3524_p2                       |         +|   0|  0|   71|          64|          64|
    |grp_fu_579_p2                              |         +|   0|  0|   39|          32|           1|
    |hashed_fu_3298_p2                          |         +|   0|  0|   33|          26|          26|
    |key_fu_2936_p2                             |         +|   0|  0|   27|          20|          20|
    |my_assoc_mem_fill_fu_3611_p2               |         +|   0|  0|   39|          32|           1|
    |next_code_fu_3486_p2                       |         +|   0|  0|   39|          32|           1|
    |and_ln40_fu_3358_p2                        |       and|   0|  0|    2|           1|           1|
    |ap_block_pp2_stage0_11001                  |       and|   0|  0|    2|           1|           1|
    |ap_block_pp2_stage69_11001                 |       and|   0|  0|    2|           1|           1|
    |ap_block_pp2_stage71_11001                 |       and|   0|  0|    2|           1|           1|
    |ap_block_state148_pp2_stage71_iter0        |       and|   0|  0|    2|           1|           1|
    |ap_block_state304                          |       and|   0|  0|    2|           1|           1|
    |ap_block_state78_io                        |       and|   0|  0|    2|           1|           1|
    |ap_condition_1173                          |       and|   0|  0|    2|           1|           1|
    |ap_condition_1174                          |       and|   0|  0|    2|           1|           1|
    |ap_ext_blocking_cur_n                      |       and|   0|  0|    2|           1|           1|
    |ap_ext_blocking_n                          |       and|   0|  0|    2|           1|           1|
    |ap_int_blocking_n                          |       and|   0|  0|    2|           1|           2|
    |ap_predicate_op1040_writereq_state164      |       and|   0|  0|    2|           1|           1|
    |ap_predicate_op1064_write_state165         |       and|   0|  0|    2|           1|           1|
    |ap_predicate_op985_call_state161           |       and|   0|  0|    2|           1|           1|
    |ap_predicate_op985_call_state161_state160  |       and|   0|  0|    2|           1|           1|
    |ap_predicate_tran233to234_state163         |       and|   0|  0|    2|           1|           1|
    |ap_str_blocking_n                          |       and|   0|  0|    2|           1|           2|
    |icmp_ln393_fu_595_p2                       |      icmp|   0|  0|   13|          16|          17|
    |icmp_ln398_fu_612_p2                       |      icmp|   0|  0|   11|          10|          11|
    |icmp_ln40_fu_3353_p2                       |      icmp|   0|  0|   14|          20|          20|
    |icmp_ln420_1_fu_688_p2                     |      icmp|   0|  0|   20|          32|          32|
    |icmp_ln420_fu_652_p2                       |      icmp|   0|  0|   20|          32|           1|
    |icmp_ln448_fu_3497_p2                      |      icmp|   0|  0|   20|          32|          32|
    |icmp_ln86_fu_3477_p2                       |      icmp|   0|  0|   17|          26|           1|
    |lshr_ln422_fu_748_p2                       |      lshr|   0|  0|  100|          32|          32|
    |ap_block_pp2_stage1_11001                  |        or|   0|  0|    2|           1|           1|
    |ap_block_state1                            |        or|   0|  0|    2|           1|           1|
    |ap_block_state164_io                       |        or|   0|  0|    2|           1|           1|
    |ap_block_state165_io                       |        or|   0|  0|    2|           1|           1|
    |ap_block_state233_pp2_stage69_iter1        |        or|   0|  0|    2|           1|           1|
    |ap_predicate_op1062_writereq_state164      |        or|   0|  0|    2|           1|           1|
    |ap_predicate_op1077_write_state165         |        or|   0|  0|    2|           1|           1|
    |ap_predicate_op1292_writeresp_state304     |        or|   0|  0|    2|           1|           1|
    |or_ln88_fu_3651_p2                         |        or|   0|  0|   64|          64|          64|
    |or_ln89_fu_3658_p2                         |        or|   0|  0|   64|          64|          64|
    |or_ln90_fu_3665_p2                         |        or|   0|  0|   64|          64|          64|
    |shl_ln430_1_fu_3579_p2                     |       shl|   0|  0|  100|          32|          32|
    |shl_ln430_fu_3428_p2                       |       shl|   0|  0|    9|           2|           4|
    |shl_ln449_1_fu_3636_p2                     |       shl|   0|  0|  100|          32|          32|
    |shl_ln449_fu_3538_p2                       |       shl|   0|  0|    9|           2|           4|
    |shl_ln88_fu_3642_p2                        |       shl|   0|  0|  100|           1|          32|
    |ap_enable_pp2                              |       xor|   0|  0|    2|           1|           2|
    |hashed_1_fu_3320_p2                        |       xor|   0|  0|   15|          15|          15|
    |xor_ln17_10_fu_2336_p2                     |       xor|   0|  0|   26|          26|          26|
    |xor_ln17_11_fu_2492_p2                     |       xor|   0|  0|   26|          26|          26|
    |xor_ln17_12_fu_2620_p2                     |       xor|   0|  0|   26|          26|          26|
    |xor_ln17_13_fu_2761_p2                     |       xor|   0|  0|   26|          26|          26|
    |xor_ln17_14_fu_2880_p2                     |       xor|   0|  0|   26|          26|          26|
    |xor_ln17_15_fu_3042_p2                     |       xor|   0|  0|   26|          26|          26|
    |xor_ln17_16_fu_3170_p2                     |       xor|   0|  0|   26|          26|          26|
    |xor_ln17_1_fu_1107_p2                      |       xor|   0|  0|   26|          26|          26|
    |xor_ln17_2_fu_1218_p2                      |       xor|   0|  0|   26|          26|          26|
    |xor_ln17_3_fu_1335_p2                      |       xor|   0|  0|   26|          26|          26|
    |xor_ln17_4_fu_1446_p2                      |       xor|   0|  0|   26|          26|          26|
    |xor_ln17_5_fu_1612_p2                      |       xor|   0|  0|   26|          26|          26|
    |xor_ln17_6_fu_1748_p2                      |       xor|   0|  0|   26|          26|          26|
    |xor_ln17_7_fu_1918_p2                      |       xor|   0|  0|   26|          26|          26|
    |xor_ln17_8_fu_2046_p2                      |       xor|   0|  0|   26|          26|          26|
    |xor_ln17_9_fu_2208_p2                      |       xor|   0|  0|   26|          26|          26|
    |xor_ln17_fu_990_p2                         |       xor|   0|  0|   26|          26|          26|
    |xor_ln18_10_fu_2348_p2                     |       xor|   0|  0|   15|          15|          15|
    |xor_ln18_11_fu_2514_p2                     |       xor|   0|  0|   15|          15|          15|
    |xor_ln18_12_fu_2632_p2                     |       xor|   0|  0|   15|          15|          15|
    |xor_ln18_13_fu_2783_p2                     |       xor|   0|  0|   15|          15|          15|
    |xor_ln18_14_fu_2892_p2                     |       xor|   0|  0|   15|          15|          15|
    |xor_ln18_15_fu_3064_p2                     |       xor|   0|  0|   15|          15|          15|
    |xor_ln18_16_fu_3182_p2                     |       xor|   0|  0|   15|          15|          15|
    |xor_ln18_1_fu_1119_p2                      |       xor|   0|  0|   15|          15|          15|
    |xor_ln18_2_fu_1239_p2                      |       xor|   0|  0|   15|          15|          15|
    |xor_ln18_3_fu_1347_p2                      |       xor|   0|  0|   15|          15|          15|
    |xor_ln18_4_fu_1461_p2                      |       xor|   0|  0|   15|          15|          15|
    |xor_ln18_5_fu_1633_p2                      |       xor|   0|  0|   15|          15|          15|
    |xor_ln18_6_fu_1760_p2                      |       xor|   0|  0|   15|          15|          15|
    |xor_ln18_7_fu_1940_p2                      |       xor|   0|  0|   15|          15|          15|
    |xor_ln18_8_fu_2058_p2                      |       xor|   0|  0|   15|          15|          15|
    |xor_ln18_9_fu_2230_p2                      |       xor|   0|  0|   15|          15|          15|
    |xor_ln18_fu_1011_p2                        |       xor|   0|  0|   15|          15|          15|
    |xor_ln19_10_fu_2174_p2                     |       xor|   0|  0|   32|          32|          32|
    |xor_ln19_11_fu_2302_p2                     |       xor|   0|  0|   32|          32|          32|
    |xor_ln19_12_fu_2458_p2                     |       xor|   0|  0|   32|          32|          32|
    |xor_ln19_13_fu_2586_p2                     |       xor|   0|  0|   32|          32|          32|
    |xor_ln19_14_fu_2727_p2                     |       xor|   0|  0|   32|          32|          32|
    |xor_ln19_15_fu_2855_p2                     |       xor|   0|  0|   32|          32|          32|
    |xor_ln19_16_fu_3008_p2                     |       xor|   0|  0|   32|          32|          32|
    |xor_ln19_17_fu_3136_p2                     |       xor|   0|  0|   32|          32|          32|
    |xor_ln19_18_fu_3268_p2                     |       xor|   0|  0|   26|          26|          26|
    |xor_ln19_1_fu_966_p2                       |       xor|   0|  0|   32|          32|          32|
    |xor_ln19_2_fu_1082_p2                      |       xor|   0|  0|   32|          32|          32|
    |xor_ln19_3_fu_1193_p2                      |       xor|   0|  0|   32|          32|          32|
    |xor_ln19_4_fu_1310_p2                      |       xor|   0|  0|   32|          32|          32|
    |xor_ln19_5_fu_1421_p2                      |       xor|   0|  0|   32|          32|          32|
    |xor_ln19_6_fu_1584_p2                      |       xor|   0|  0|   32|          32|          32|
    |xor_ln19_7_fu_1704_p2                      |       xor|   0|  0|   32|          32|          32|
    |xor_ln19_8_fu_1884_p2                      |       xor|   0|  0|   32|          32|          32|
    |xor_ln19_9_fu_2012_p2                      |       xor|   0|  0|   32|          32|          32|
    |xor_ln19_fu_829_p2                         |       xor|   0|  0|   22|          22|          22|
    |xor_ln21_fu_3280_p2                        |       xor|   0|  0|   15|          15|          15|
    +-------------------------------------------+----------+----+---+-----+------------+------------+
    |Total                                      |          |   0|  0| 5424|        4977|        4813|
    +-------------------------------------------+----------+----+---+-----+------------+------------+

    * Multiplexer: 
    +--------------------------------------------+------+-----------+-----+-----------+
    |                    Name                    |  LUT | Input Size| Bits| Total Bits|
    +--------------------------------------------+------+-----------+-----+-----------+
    |ap_NS_fsm                                   |  1248|        235|    1|        235|
    |ap_done                                     |     9|          2|    1|          2|
    |ap_enable_reg_pp2_iter1                     |     9|          2|    1|          2|
    |ap_phi_mux_i_2_phi_fu_516_p4                |     9|          2|   31|         62|
    |ap_phi_reg_pp2_iter1_prefix_code_1_reg_543  |    14|          3|   16|         48|
    |ap_phi_reg_pp2_iter1_prefix_code_3_reg_533  |    14|          3|   16|         48|
    |gmem_ARADDR                                 |    14|          3|   64|        192|
    |gmem_AWADDR                                 |    20|          4|   64|        256|
    |gmem_WDATA                                  |    20|          4|   32|        128|
    |gmem_WSTRB                                  |    20|          4|    4|         16|
    |gmem_blk_n_AR                               |     9|          2|    1|          2|
    |gmem_blk_n_AW                               |     9|          2|    1|          2|
    |gmem_blk_n_B                                |     9|          2|    1|          2|
    |gmem_blk_n_R                                |     9|          2|    1|          2|
    |gmem_blk_n_W                                |     9|          2|    1|          2|
    |hash_table_address0                         |    20|          4|   15|         60|
    |hash_table_d0                               |    14|          3|   33|         99|
    |i_1_reg_501                                 |     9|          2|   10|         20|
    |i_2_reg_512                                 |     9|          2|   31|         62|
    |i_reg_490                                   |     9|          2|   16|         32|
    |j_0_lcssa_reg_558                           |     9|          2|   32|         64|
    |j_fu_300                                    |     9|          2|   32|         64|
    |my_assoc_mem_fill_1_fu_292                  |     9|          2|   32|         64|
    |my_assoc_mem_lower_key_mem_address0         |    26|          5|    9|         45|
    |my_assoc_mem_lower_key_mem_ce0              |    14|          3|    1|          3|
    |my_assoc_mem_lower_key_mem_d0               |    14|          3|   64|        192|
    |my_assoc_mem_middle_key_mem_address0        |    26|          5|    9|         45|
    |my_assoc_mem_middle_key_mem_ce0             |    14|          3|    1|          3|
    |my_assoc_mem_middle_key_mem_d0              |    14|          3|   64|        192|
    |my_assoc_mem_upper_key_mem_address0         |    26|          5|    9|         45|
    |my_assoc_mem_upper_key_mem_ce0              |    14|          3|    1|          3|
    |my_assoc_mem_upper_key_mem_d0               |    14|          3|   64|        192|
    |my_assoc_mem_value_address0                 |    14|          3|    6|         18|
    |my_assoc_mem_value_ce0                      |    14|          3|    1|          3|
    |prefix_code_2_reg_523                       |     9|          2|   16|         32|
    |value_fu_296                                |     9|          2|   32|         64|
    +--------------------------------------------+------+-----------+-----+-----------+
    |Total                                       |  1718|        334|  713|       2301|
    +--------------------------------------------+------+-----------+-----+-----------+

    * Register: 
    +--------------------------------------------+-----+----+-----+-----------+
    |                    Name                    |  FF | LUT| Bits| Const Bits|
    +--------------------------------------------+-----+----+-----+-----------+
    |add_ln17_10_reg_4017                        |   32|   0|   32|          0|
    |add_ln17_12_reg_4049                        |   32|   0|   32|          0|
    |add_ln17_14_reg_4086                        |   32|   0|   32|          0|
    |add_ln17_16_reg_4112                        |   32|   0|   32|          0|
    |add_ln17_18_reg_4152                        |   32|   0|   32|          0|
    |add_ln17_1_reg_3828                         |   23|   0|   23|          0|
    |add_ln17_24_reg_3952                        |   15|   0|   15|          0|
    |add_ln17_3_reg_3894                         |   32|   0|   32|          0|
    |add_ln17_5_reg_3920                         |   32|   0|   32|          0|
    |add_ln17_6_reg_3941                         |   32|   0|   32|          0|
    |add_ln17_8_reg_3978                         |   32|   0|   32|          0|
    |add_ln182_9_reg_3957                        |    9|   0|    9|          0|
    |add_ln19_10_reg_3947                        |   26|   0|   26|          0|
    |add_ln422_2_reg_3782                        |    2|   0|    2|          0|
    |add_ln422_3_reg_3803                        |    2|   0|    2|          0|
    |add_ln422_reg_3791                          |   31|   0|   31|          0|
    |add_ln430_1_reg_4220                        |    2|   0|    2|          0|
    |add_ln449_2_reg_4251                        |    2|   0|    2|          0|
    |and_ln40_reg_4187                           |    1|   0|    1|          0|
    |ap_CS_fsm                                   |  234|   0|  234|          0|
    |ap_done_reg                                 |    1|   0|    1|          0|
    |ap_enable_reg_pp2_iter0                     |    1|   0|    1|          0|
    |ap_enable_reg_pp2_iter1                     |    1|   0|    1|          0|
    |ap_exit_tran_regpp2                         |    1|   0|    2|          1|
    |ap_ext_blocking_n_reg                       |    1|   0|    1|          0|
    |ap_int_blocking_n_reg                       |    1|   0|    1|          0|
    |ap_phi_reg_pp2_iter1_prefix_code_1_reg_543  |   16|   0|   16|          0|
    |ap_phi_reg_pp2_iter1_prefix_code_3_reg_533  |   16|   0|   16|          0|
    |ap_rst_n_inv                                |    1|   0|    1|          0|
    |ap_rst_reg_1                                |    1|   0|    1|          0|
    |ap_rst_reg_2                                |    1|   0|    1|          0|
    |ap_str_blocking_n_reg                       |    1|   0|    1|          0|
    |code_2_reg_4178                             |   12|   0|   12|          0|
    |empty_41_reg_4201                           |   12|   0|   12|          0|
    |gmem_addr_1_read_reg_3808                   |   32|   0|   32|          0|
    |gmem_addr_1_reg_3797                        |   64|   0|   64|          0|
    |gmem_addr_3_reg_4230                        |   64|   0|   64|          0|
    |gmem_addr_4_reg_4261                        |   64|   0|   64|          0|
    |grp_assoc_lookup_fu_570_ap_start_reg        |    1|   0|    1|          0|
    |hash_table_addr_1_reg_4173                  |   15|   0|   15|          0|
    |hit_reg_4211                                |    1|   0|    1|          0|
    |i_1_reg_501                                 |   10|   0|   10|          0|
    |i_2_reg_512                                 |   31|   0|   31|          0|
    |i_reg_490                                   |   16|   0|   16|          0|
    |icmp_ln420_1_reg_3787                       |    1|   0|    1|          0|
    |icmp_ln420_1_reg_3787_pp2_iter1_reg         |    1|   0|    1|          0|
    |icmp_ln420_reg_3750                         |    1|   0|    1|          0|
    |icmp_ln448_reg_4247                         |    1|   0|    1|          0|
    |icmp_ln86_reg_4243                          |    1|   0|    1|          0|
    |j_0_lcssa_reg_558                           |   32|   0|   32|          0|
    |j_1_reg_4191                                |   32|   0|   32|          0|
    |j_fu_300                                    |   32|   0|   32|          0|
    |key_reg_4133                                |   20|   0|   20|          0|
    |mem_lower_key_mem_addr_reg_4282             |    9|   0|    9|          0|
    |mem_middle_key_mem_addr_reg_4277            |    9|   0|    9|          0|
    |mem_upper_key_mem_addr_reg_4272             |    2|   0|    9|          7|
    |my_assoc_mem_fill_1_fu_292                  |   32|   0|   32|          0|
    |my_assoc_mem_fill_1_load_reg_4236           |   32|   0|   32|          0|
    |next_char_reg_3813                          |    8|   0|    8|          0|
    |prefix_code_1_reg_543                       |   16|   0|   16|          0|
    |prefix_code_2_reg_523                       |   16|   0|   16|          0|
    |prefix_code_reg_3740                        |    8|   0|    8|          0|
    |sext_ln426_reg_4070                         |   16|   0|   16|          0|
    |shl_ln430_1_reg_4267                        |   32|   0|   32|          0|
    |shl_ln430_reg_4225                          |    4|   0|    4|          0|
    |shl_ln449_1_reg_4287                        |   32|   0|   32|          0|
    |shl_ln449_reg_4256                          |    4|   0|    4|          0|
    |tmp_10_reg_4006                             |    1|   0|    1|          0|
    |tmp_12_reg_4038                             |    1|   0|    1|          0|
    |tmp_14_reg_4075                             |    1|   0|    1|          0|
    |tmp_16_reg_3999                             |    1|   0|    1|          0|
    |tmp_18_reg_4141                             |    1|   0|    1|          0|
    |tmp_2_reg_3854                              |    1|   0|    1|          0|
    |tmp_3_reg_3861                              |    1|   0|    1|          0|
    |tmp_4_reg_3868                              |    1|   0|    1|          0|
    |tmp_5_reg_3875                              |    1|   0|    1|          0|
    |tmp_6_reg_3882                              |    1|   0|    1|          0|
    |tmp_8_reg_3967                              |    1|   0|    1|          0|
    |trunc_ln17_2_reg_3962                       |    9|   0|    9|          0|
    |trunc_ln18_17_reg_3839                      |   16|   0|   16|          0|
    |trunc_ln18_19_reg_3905                      |   16|   0|   16|          0|
    |trunc_ln18_21_reg_3931                      |   16|   0|   16|          0|
    |trunc_ln18_24_reg_3989                      |   16|   0|   16|          0|
    |trunc_ln18_26_reg_4028                      |   16|   0|   16|          0|
    |trunc_ln18_28_reg_4060                      |   16|   0|   16|          0|
    |trunc_ln18_30_reg_4097                      |   16|   0|   16|          0|
    |trunc_ln18_32_reg_4123                      |   16|   0|   16|          0|
    |trunc_ln18_34_reg_4163                      |   16|   0|   16|          0|
    |trunc_ln18_reg_3834                         |   22|   0|   22|          0|
    |trunc_ln19_11_reg_3936                      |    5|   0|    5|          0|
    |trunc_ln19_17_reg_3994                      |    5|   0|    5|          0|
    |trunc_ln19_21_reg_4033                      |    5|   0|    5|          0|
    |trunc_ln19_25_reg_4065                      |    5|   0|    5|          0|
    |trunc_ln19_29_reg_4102                      |    5|   0|    5|          0|
    |trunc_ln19_2_reg_3849                       |    5|   0|    5|          0|
    |trunc_ln19_33_reg_4128                      |    5|   0|    5|          0|
    |trunc_ln19_38_reg_4168                      |    5|   0|    5|          0|
    |trunc_ln19_6_reg_3910                       |    5|   0|    5|          0|
    |trunc_ln19_reg_3844                         |   15|   0|   15|          0|
    |trunc_ln449_reg_3776                        |    2|   0|    2|          0|
    |valid_reg_4183                              |    1|   0|    1|          0|
    |value_fu_296                                |   32|   0|   32|          0|
    |xor_ln17_10_reg_4044                        |   26|   0|   26|          0|
    |xor_ln17_12_reg_4081                        |   26|   0|   26|          0|
    |xor_ln17_14_reg_4107                        |   26|   0|   26|          0|
    |xor_ln17_16_reg_4147                        |   26|   0|   26|          0|
    |xor_ln17_1_reg_3889                         |   26|   0|   26|          0|
    |xor_ln17_3_reg_3915                         |   26|   0|   26|          0|
    |xor_ln17_6_reg_3973                         |   26|   0|   26|          0|
    |xor_ln17_8_reg_4012                         |   26|   0|   26|          0|
    |xor_ln18_10_reg_4055                        |   15|   0|   15|          0|
    |xor_ln18_12_reg_4092                        |   15|   0|   15|          0|
    |xor_ln18_14_reg_4118                        |   15|   0|   15|          0|
    |xor_ln18_16_reg_4158                        |   15|   0|   15|          0|
    |xor_ln18_1_reg_3900                         |   15|   0|   15|          0|
    |xor_ln18_3_reg_3926                         |   15|   0|   15|          0|
    |xor_ln18_6_reg_3984                         |   15|   0|   15|          0|
    |xor_ln18_8_reg_4023                         |   15|   0|   15|          0|
    +--------------------------------------------+-----+----+-----+-----------+
    |Total                                       | 1949|   0| 1957|          8|
    +--------------------------------------------+-----+----+-----+-----------+



================================================================
== Interface
================================================================
* Summary: 
+-----------------------+-----+-----+---------------+-------------------+--------------+
|       RTL Ports       | Dir | Bits|    Protocol   |   Source Object   |    C Type    |
+-----------------------+-----+-----+---------------+-------------------+--------------+
|s_axi_control_AWVALID  |   in|    1|          s_axi|            control|        scalar|
|s_axi_control_AWREADY  |  out|    1|          s_axi|            control|        scalar|
|s_axi_control_AWADDR   |   in|    7|          s_axi|            control|        scalar|
|s_axi_control_WVALID   |   in|    1|          s_axi|            control|        scalar|
|s_axi_control_WREADY   |  out|    1|          s_axi|            control|        scalar|
|s_axi_control_WDATA    |   in|   32|          s_axi|            control|        scalar|
|s_axi_control_WSTRB    |   in|    4|          s_axi|            control|        scalar|
|s_axi_control_ARVALID  |   in|    1|          s_axi|            control|        scalar|
|s_axi_control_ARREADY  |  out|    1|          s_axi|            control|        scalar|
|s_axi_control_ARADDR   |   in|    7|          s_axi|            control|        scalar|
|s_axi_control_RVALID   |  out|    1|          s_axi|            control|        scalar|
|s_axi_control_RREADY   |   in|    1|          s_axi|            control|        scalar|
|s_axi_control_RDATA    |  out|   32|          s_axi|            control|        scalar|
|s_axi_control_RRESP    |  out|    2|          s_axi|            control|        scalar|
|s_axi_control_BVALID   |  out|    1|          s_axi|            control|        scalar|
|s_axi_control_BREADY   |   in|    1|          s_axi|            control|        scalar|
|s_axi_control_BRESP    |  out|    2|          s_axi|            control|        scalar|
|ap_clk                 |   in|    1|  ap_ctrl_chain|  hardware_encoding|  return value|
|ap_rst_n               |   in|    1|  ap_ctrl_chain|  hardware_encoding|  return value|
|event_done             |  out|    1|  ap_ctrl_chain|  hardware_encoding|  return value|
|interrupt              |  out|    1|  ap_ctrl_chain|  hardware_encoding|  return value|
|event_start            |  out|    1|  ap_ctrl_chain|  hardware_encoding|  return value|
|stall_start_ext        |  out|    1|  ap_ctrl_chain|  hardware_encoding|  return value|
|stall_done_ext         |  out|    1|  ap_ctrl_chain|  hardware_encoding|  return value|
|stall_start_str        |  out|    1|  ap_ctrl_chain|  hardware_encoding|  return value|
|stall_done_str         |  out|    1|  ap_ctrl_chain|  hardware_encoding|  return value|
|stall_start_int        |  out|    1|  ap_ctrl_chain|  hardware_encoding|  return value|
|stall_done_int         |  out|    1|  ap_ctrl_chain|  hardware_encoding|  return value|
|m_axi_gmem_AWVALID     |  out|    1|          m_axi|               gmem|       pointer|
|m_axi_gmem_AWREADY     |   in|    1|          m_axi|               gmem|       pointer|
|m_axi_gmem_AWADDR      |  out|   64|          m_axi|               gmem|       pointer|
|m_axi_gmem_AWID        |  out|    1|          m_axi|               gmem|       pointer|
|m_axi_gmem_AWLEN       |  out|    8|          m_axi|               gmem|       pointer|
|m_axi_gmem_AWSIZE      |  out|    3|          m_axi|               gmem|       pointer|
|m_axi_gmem_AWBURST     |  out|    2|          m_axi|               gmem|       pointer|
|m_axi_gmem_AWLOCK      |  out|    2|          m_axi|               gmem|       pointer|
|m_axi_gmem_AWCACHE     |  out|    4|          m_axi|               gmem|       pointer|
|m_axi_gmem_AWPROT      |  out|    3|          m_axi|               gmem|       pointer|
|m_axi_gmem_AWQOS       |  out|    4|          m_axi|               gmem|       pointer|
|m_axi_gmem_AWREGION    |  out|    4|          m_axi|               gmem|       pointer|
|m_axi_gmem_AWUSER      |  out|    1|          m_axi|               gmem|       pointer|
|m_axi_gmem_WVALID      |  out|    1|          m_axi|               gmem|       pointer|
|m_axi_gmem_WREADY      |   in|    1|          m_axi|               gmem|       pointer|
|m_axi_gmem_WDATA       |  out|   32|          m_axi|               gmem|       pointer|
|m_axi_gmem_WSTRB       |  out|    4|          m_axi|               gmem|       pointer|
|m_axi_gmem_WLAST       |  out|    1|          m_axi|               gmem|       pointer|
|m_axi_gmem_WID         |  out|    1|          m_axi|               gmem|       pointer|
|m_axi_gmem_WUSER       |  out|    1|          m_axi|               gmem|       pointer|
|m_axi_gmem_ARVALID     |  out|    1|          m_axi|               gmem|       pointer|
|m_axi_gmem_ARREADY     |   in|    1|          m_axi|               gmem|       pointer|
|m_axi_gmem_ARADDR      |  out|   64|          m_axi|               gmem|       pointer|
|m_axi_gmem_ARID        |  out|    1|          m_axi|               gmem|       pointer|
|m_axi_gmem_ARLEN       |  out|    8|          m_axi|               gmem|       pointer|
|m_axi_gmem_ARSIZE      |  out|    3|          m_axi|               gmem|       pointer|
|m_axi_gmem_ARBURST     |  out|    2|          m_axi|               gmem|       pointer|
|m_axi_gmem_ARLOCK      |  out|    2|          m_axi|               gmem|       pointer|
|m_axi_gmem_ARCACHE     |  out|    4|          m_axi|               gmem|       pointer|
|m_axi_gmem_ARPROT      |  out|    3|          m_axi|               gmem|       pointer|
|m_axi_gmem_ARQOS       |  out|    4|          m_axi|               gmem|       pointer|
|m_axi_gmem_ARREGION    |  out|    4|          m_axi|               gmem|       pointer|
|m_axi_gmem_ARUSER      |  out|    1|          m_axi|               gmem|       pointer|
|m_axi_gmem_RVALID      |   in|    1|          m_axi|               gmem|       pointer|
|m_axi_gmem_RREADY      |  out|    1|          m_axi|               gmem|       pointer|
|m_axi_gmem_RDATA       |   in|   32|          m_axi|               gmem|       pointer|
|m_axi_gmem_RLAST       |   in|    1|          m_axi|               gmem|       pointer|
|m_axi_gmem_RID         |   in|    1|          m_axi|               gmem|       pointer|
|m_axi_gmem_RUSER       |   in|    1|          m_axi|               gmem|       pointer|
|m_axi_gmem_RRESP       |   in|    2|          m_axi|               gmem|       pointer|
|m_axi_gmem_BVALID      |   in|    1|          m_axi|               gmem|       pointer|
|m_axi_gmem_BREADY      |  out|    1|          m_axi|               gmem|       pointer|
|m_axi_gmem_BRESP       |   in|    2|          m_axi|               gmem|       pointer|
|m_axi_gmem_BID         |   in|    1|          m_axi|               gmem|       pointer|
|m_axi_gmem_BUSER       |   in|    1|          m_axi|               gmem|       pointer|
+-----------------------+-----+-----+---------------+-------------------+--------------+

