Copyright 1986-2020 Xilinx, Inc. All Rights Reserved.
--------------------------------------------------------------------------------------------------------------------------------------------------------------------------------------------------------
| Tool Version : Vivado v.2020.2 (lin64) Build 3064766 Wed Nov 18 09:12:47 MST 2020
| Date         : Tue Nov 28 20:31:39 2023
| Host         : big21.seas.upenn.edu running 64-bit openSUSE Leap 15.5
| Command      : report_accelerator_utilization -kernels { hardware_encoding:u96v2_sbc_base_i/hardware_encoding_1/U0:hardware_encoding_1} -file kernel_util_synthed.rpt -name kernel_util_synthed -json
| Design       : u96v2_sbc_base_wrapper
| Device       : xczu3eg
| Design State : Synthesized
--------------------------------------------------------------------------------------------------------------------------------------------------------------------------------------------------------

Accelerator Utilization Design Information

Table of Contents
-----------------
1. System Utilization

1. System Utilization
---------------------

+------------------------+-----------------+-----------------+------------------+---------------+---------------+
| Name                   | LUT             | LUTAsMem        | REG              | BRAM          | DSP           |
+------------------------+-----------------+-----------------+------------------+---------------+---------------+
| Platform               | 18351 [ 26.01%] |  1144 [  3.97%] |  21010 [ 14.89%] |   4 [  1.85%] |   0 [  0.00%] |
| User Budget            | 52209 [100.00%] | 27656 [100.00%] | 120110 [100.00%] | 212 [100.00%] | 360 [100.00%] |
|    Used Resources      |  4527 [  8.67%] |   507 [  1.83%] |   3868 [  3.22%] |  34 [ 16.04%] |   0 [  0.00%] |
|    Unused Resources    | 47682 [ 91.33%] | 27149 [ 98.17%] | 116242 [ 96.78%] | 178 [ 83.96%] | 360 [100.00%] |
| hardware_encoding      |  4527 [  8.67%] |   507 [  1.83%] |   3868 [  3.22%] |  34 [ 16.04%] |   0 [  0.00%] |
|    hardware_encoding_1 |  4527 [  8.67%] |   507 [  1.83%] |   3868 [  3.22%] |  34 [ 16.04%] |   0 [  0.00%] |
+------------------------+-----------------+-----------------+------------------+---------------+---------------+


